Microsoft Windows [Version 10.0.22000.675]
(c) Microsoft Corporation. All rights reserved.

C:\Users\ASUS>java
Usage: java [-options] class [args...]
           (to execute a class)
   or  java [-options] -jar jarfile [args...]
           (to execute a jar file)
where options include:
    -d32          use a 32-bit data model if available
    -d64          use a 64-bit data model if available
    -server       to select the "server" VM
                  The default VM is server.

    -cp <class search path of directories and zip/jar files>
    -classpath <class search path of directories and zip/jar files>
                  A ; separated list of directories, JAR archives,
                  and ZIP archives to search for class files.
    -D<name>=<value>
                  set a system property
    -verbose:[class|gc|jni]
                  enable verbose output
    -version      print product version and exit
    -version:<value>
                  Warning: this feature is deprecated and will be removed
                  in a future release.
                  require the specified version to run
    -showversion  print product version and continue
    -jre-restrict-search | -no-jre-restrict-search
                  Warning: this feature is deprecated and will be removed
                  in a future release.
                  include/exclude user private JREs in the version search
    -? -help      print this help message
    -X            print help on non-standard options
    -ea[:<packagename>...|:<classname>]
    -enableassertions[:<packagename>...|:<classname>]
                  enable assertions with specified granularity
    -da[:<packagename>...|:<classname>]
    -disableassertions[:<packagename>...|:<classname>]
                  disable assertions with specified granularity
    -esa | -enablesystemassertions
                  enable system assertions
    -dsa | -disablesystemassertions
                  disable system assertions
    -agentlib:<libname>[=<options>]
                  load native agent library <libname>, e.g. -agentlib:hprof
                  see also, -agentlib:jdwp=help and -agentlib:hprof=help
    -agentpath:<pathname>[=<options>]
                  load native agent library by full pathname
    -javaagent:<jarpath>[=<options>]
                  load Java programming language agent, see java.lang.instrument
    -splash:<imagepath>
                  show splash screen with specified image
See http://www.oracle.com/technetwork/java/javase/documentation/index.html for more details.

C:\Users\ASUS>javac
Usage: javac <options> <source files>
where possible options include:
  -g                         Generate all debugging info
  -g:none                    Generate no debugging info
  -g:{lines,vars,source}     Generate only some debugging info
  -nowarn                    Generate no warnings
  -verbose                   Output messages about what the compiler is doing
  -deprecation               Output source locations where deprecated APIs are used
  -classpath <path>          Specify where to find user class files and annotation processors
  -cp <path>                 Specify where to find user class files and annotation processors
  -sourcepath <path>         Specify where to find input source files
  -bootclasspath <path>      Override location of bootstrap class files
  -extdirs <dirs>            Override location of installed extensions
  -endorseddirs <dirs>       Override location of endorsed standards path
  -proc:{none,only}          Control whether annotation processing and/or compilation is done.
  -processor <class1>[,<class2>,<class3>...] Names of the annotation processors to run; bypasses default discovery process
  -processorpath <path>      Specify where to find annotation processors
  -parameters                Generate metadata for reflection on method parameters
  -d <directory>             Specify where to place generated class files
  -s <directory>             Specify where to place generated source files
  -h <directory>             Specify where to place generated native header files
  -implicit:{none,class}     Specify whether or not to generate class files for implicitly referenced files
  -encoding <encoding>       Specify character encoding used by source files
  -source <release>          Provide source compatibility with specified release
  -target <release>          Generate class files for specific VM version
  -profile <profile>         Check that API used is available in the specified profile
  -version                   Version information
  -help                      Print a synopsis of standard options
  -Akey[=value]              Options to pass to annotation processors
  -X                         Print a synopsis of nonstandard options
  -J<flag>                   Pass <flag> directly to the runtime system
  -Werror                    Terminate compilation if warnings occur
  @<filename>                Read options and filenames from file


C:\Users\ASUS>cd..

C:\Users>cd ASUS

C:\Users\ASUS>cd..

C:\Users>d:
The system cannot find the drive specified.

C:\Users>c:

C:\Users>kubus
'kubus' is not recognized as an internal or external command,
operable program or batch file.

C:\Users>Kubus
'Kubus' is not recognized as an internal or external command,
operable program or batch file.

C:\Users>cd ASUS

C:\Users\ASUS>java>javac
Usage: java [-options] class [args...]
           (to execute a class)
   or  java [-options] -jar jarfile [args...]
           (to execute a jar file)
where options include:
    -d32          use a 32-bit data model if available
    -d64          use a 64-bit data model if available
    -server       to select the "server" VM
                  The default VM is server.

    -cp <class search path of directories and zip/jar files>
    -classpath <class search path of directories and zip/jar files>
                  A ; separated list of directories, JAR archives,
                  and ZIP archives to search for class files.
    -D<name>=<value>
                  set a system property
    -verbose:[class|gc|jni]
                  enable verbose output
    -version      print product version and exit
    -version:<value>
                  Warning: this feature is deprecated and will be removed
                  in a future release.
                  require the specified version to run
    -showversion  print product version and continue
    -jre-restrict-search | -no-jre-restrict-search
                  Warning: this feature is deprecated and will be removed
                  in a future release.
                  include/exclude user private JREs in the version search
    -? -help      print this help message
    -X            print help on non-standard options
    -ea[:<packagename>...|:<classname>]
    -enableassertions[:<packagename>...|:<classname>]
                  enable assertions with specified granularity
    -da[:<packagename>...|:<classname>]
    -disableassertions[:<packagename>...|:<classname>]
                  disable assertions with specified granularity
    -esa | -enablesystemassertions
                  enable system assertions
    -dsa | -disablesystemassertions
                  disable system assertions
    -agentlib:<libname>[=<options>]
                  load native agent library <libname>, e.g. -agentlib:hprof
                  see also, -agentlib:jdwp=help and -agentlib:hprof=help
    -agentpath:<pathname>[=<options>]
                  load native agent library by full pathname
    -javaagent:<jarpath>[=<options>]
                  load Java programming language agent, see java.lang.instrument
    -splash:<imagepath>
                  show splash screen with specified image
See http://www.oracle.com/technetwork/java/javase/documentation/index.html for more details.

C:\Users\ASUS>javac bujursangkar.java
javac: file not found: bujursangkar.java
Usage: javac <options> <source files>
use -help for a list of possible options

C:\Users\ASUS>java>javac bujursangkar.java
Error: Could not find or load main class bujursangkar.java

C:\Users\ASUS>dir
 Volume in drive C is OS
 Volume Serial Number is 4814-3A76

 Directory of C:\Users\ASUS

05/31/2022  03:16 PM    <DIR>          .
05/19/2022  08:53 AM    <DIR>          ..
09/06/2021  09:51 AM    <DIR>          .android
09/22/2021  03:15 PM    <DIR>          .dotnet
03/14/2021  03:57 PM    <DIR>          .nbi
11/27/2021  01:38 PM    <DIR>          .nuget
10/17/2021  08:03 PM               166 .packettracer
11/30/2021  08:47 PM    <DIR>          .smartpls3
12/16/2021  08:35 PM    <DIR>          .spss
12/14/2021  12:06 PM    <DIR>          .VirtualBox
02/24/2022  11:08 PM    <DIR>          .vscode
03/14/2021  05:49 AM    <DIR>          3D Objects
10/16/2021  01:26 PM    <DIR>          Cisco Packet Tracer 8.0
03/22/2022  10:35 AM                 0 conn
12/26/2021  05:10 PM    <DIR>          Contacts
05/28/2022  09:49 AM    <DIR>          Desktop
05/21/2022  03:38 PM    <DIR>          Documents
05/28/2022  06:49 AM    <DIR>          Downloads
12/26/2021  05:10 PM    <DIR>          Favorites
05/31/2022  03:17 PM                 0 javac
12/26/2021  05:10 PM    <DIR>          Links
12/26/2021  05:10 PM    <DIR>          Music
01/16/2022  09:07 PM    <DIR>          OneDrive
09/13/2021  09:29 PM    <DIR>          Oracle
03/17/2022  10:07 PM    <DIR>          Pictures
12/26/2021  05:10 PM    <DIR>          Saved Games
12/26/2021  05:10 PM    <DIR>          Searches
01/01/2022  03:26 PM    <DIR>          smartpls_workspace
09/06/2021  03:46 PM    <DIR>          source
07/08/2021  09:48 AM                 0 Sti_Trace.log
03/10/2022  09:43 PM    <DIR>          Videos
12/13/2021  09:59 AM    <DIR>          VirtualBox VMs
               4 File(s)            166 bytes
              28 Dir(s)  274,875,994,112 bytes free

C:\Users\ASUS>javac dir
error: Class names, 'dir', are only accepted if annotation processing is explicitly requested
1 error

C:\Users\ASUS>cd NABILA
The system cannot find the path specified.

C:\Users\ASUS>cd..

C:\Users>cd..

C:\>cd NABILA

C:\NABILA>cd MATA KULIAH SEMESTER 4 (GENAP)

C:\NABILA\MATA KULIAH SEMESTER 4 (GENAP)>ANALISIS DESAIN SISTEM INFORMASI
'ANALISIS' is not recognized as an internal or external command,
operable program or batch file.

C:\NABILA\MATA KULIAH SEMESTER 4 (GENAP)>cd ANALISIS DESAIN SISTEM INFORMASI

C:\NABILA\MATA KULIAH SEMESTER 4 (GENAP)\ANALISIS DESAIN SISTEM INFORMASI>cd Kubus

C:\NABILA\MATA KULIAH SEMESTER 4 (GENAP)\ANALISIS DESAIN SISTEM INFORMASI\Kubus>javac
Usage: javac <options> <source files>
where possible options include:
  -g                         Generate all debugging info
  -g:none                    Generate no debugging info
  -g:{lines,vars,source}     Generate only some debugging info
  -nowarn                    Generate no warnings
  -verbose                   Output messages about what the compiler is doing
  -deprecation               Output source locations where deprecated APIs are used
  -classpath <path>          Specify where to find user class files and annotation processors
  -cp <path>                 Specify where to find user class files and annotation processors
  -sourcepath <path>         Specify where to find input source files
  -bootclasspath <path>      Override location of bootstrap class files
  -extdirs <dirs>            Override location of installed extensions
  -endorseddirs <dirs>       Override location of endorsed standards path
  -proc:{none,only}          Control whether annotation processing and/or compilation is done.
  -processor <class1>[,<class2>,<class3>...] Names of the annotation processors to run; bypasses default discovery process
  -processorpath <path>      Specify where to find annotation processors
  -parameters                Generate metadata for reflection on method parameters
  -d <directory>             Specify where to place generated class files
  -s <directory>             Specify where to place generated source files
  -h <directory>             Specify where to place generated native header files
  -implicit:{none,class}     Specify whether or not to generate class files for implicitly referenced files
  -encoding <encoding>       Specify character encoding used by source files
  -source <release>          Provide source compatibility with specified release
  -target <release>          Generate class files for specific VM version
  -profile <profile>         Check that API used is available in the specified profile
  -version                   Version information
  -help                      Print a synopsis of standard options
  -Akey[=value]              Options to pass to annotation processors
  -X                         Print a synopsis of nonstandard options
  -J<flag>                   Pass <flag> directly to the runtime system
  -Werror                    Terminate compilation if warnings occur
  @<filename>                Read options and filenames from file


C:\NABILA\MATA KULIAH SEMESTER 4 (GENAP)\ANALISIS DESAIN SISTEM INFORMASI\Kubus>javac bujursangkar.java

C:\NABILA\MATA KULIAH SEMESTER 4 (GENAP)\ANALISIS DESAIN SISTEM INFORMASI\Kubus>javac Kubus.java
Kubus.java:22: error: cannot find symbol
        this.volume = X.cariLuas() * 6;
                       ^
  symbol:   method cariLuas()
  location: variable X of type KeyCode
1 error

C:\NABILA\MATA KULIAH SEMESTER 4 (GENAP)\ANALISIS DESAIN SISTEM INFORMASI\Kubus>javac kubus.java
kubus.java:8: error: class Kubus is public, should be declared in a file named Kubus.java
public class Kubus {
       ^
kubus.java:22: error: cannot find symbol
        this.volume = X.cariLuas() * 6;
                       ^
  symbol:   method cariLuas()
  location: variable X of type KeyCode
2 errors

C:\NABILA\MATA KULIAH SEMESTER 4 (GENAP)\ANALISIS DESAIN SISTEM INFORMASI\Kubus>javac kubus.java
kubus.java:10: error: cannot find symbol
        this.volume = 6 * x.cariLuas();
                           ^
  symbol:   method cariLuas()
  location: variable x of type bujursangkar
1 error

C:\NABILA\MATA KULIAH SEMESTER 4 (GENAP)\ANALISIS DESAIN SISTEM INFORMASI\Kubus>javac kubus.java

C:\NABILA\MATA KULIAH SEMESTER 4 (GENAP)\ANALISIS DESAIN SISTEM INFORMASI\Kubus>javac mhs.java

C:\NABILA\MATA KULIAH SEMESTER 4 (GENAP)\ANALISIS DESAIN SISTEM INFORMASI\Kubus>dir
 Volume in drive C is OS
 Volume Serial Number is 4814-3A76

 Directory of C:\NABILA\MATA KULIAH SEMESTER 4 (GENAP)\ANALISIS DESAIN SISTEM INFORMASI\Kubus

05/31/2022  03:57 PM    <DIR>          .
05/24/2022  04:13 PM    <DIR>          ..
05/31/2022  03:57 PM               884 bujursangkar.class
05/31/2022  03:56 PM               427 bujursangkar.java
05/24/2022  04:24 PM               959 bujursangkarfilecode.java
05/31/2022  03:57 PM               539 kubus.class
05/31/2022  03:56 PM               256 kubus.java
05/31/2022  03:57 PM               837 mhs.class
05/31/2022  03:56 PM               321 mhs.java
05/31/2022  03:47 PM           646,552 mysql-connector-java-5.1.3.jar
05/31/2022  03:38 PM             1,830 selesct1
               9 File(s)        652,605 bytes
               2 Dir(s)  275,076,718,592 bytes free

C:\NABILA\MATA KULIAH SEMESTER 4 (GENAP)\ANALISIS DESAIN SISTEM INFORMASI\Kubus>java mhs
ini constructor dari class bujurSangkar
sisi = 4
Luas = 16
ini constructor dari class kubus
Luas kubus = 96

C:\NABILA\MATA KULIAH SEMESTER 4 (GENAP)\ANALISIS DESAIN SISTEM INFORMASI\Kubus>java -cp .;c:/NABILA/MATA KULIAH SEMESTER 4(GENAP)/ANALISIS DESAIN SISTEM INFORMASI/Kubus/mysqlcon-5.1.3.jar select1
Error: Could not find or load main class KULIAH

C:\NABILA\MATA KULIAH SEMESTER 4 (GENAP)\ANALISIS DESAIN SISTEM INFORMASI\Kubus>mysqlcon-5.1.3.jar select1

C:\NABILA\MATA KULIAH SEMESTER 4 (GENAP)\ANALISIS DESAIN SISTEM INFORMASI\Kubus>C:\NABILA\MATA KULIAH SEMESTER 4 (GENAP)\ANALISIS DESAIN SISTEM INFORMASI\Kubus
'C:\NABILA\MATA' is not recognized as an internal or external command,
operable program or batch file.

C:\NABILA\MATA KULIAH SEMESTER 4 (GENAP)\ANALISIS DESAIN SISTEM INFORMASI\Kubus>java -cp.;C:/NABILA/MATA KULIAH SEMESTER 4 (GENAP)/ANALISIS DESAIN SISTEM INFORMASI/Kubus/mysqlcon-5.1.3.jar select1
Unrecognized option: -cp.;C:/NABILA/MATA
Error: Could not create the Java Virtual Machine.
Error: A fatal exception has occurred. Program will exit.

C:\NABILA\MATA KULIAH SEMESTER 4 (GENAP)\ANALISIS DESAIN SISTEM INFORMASI\Kubus>javac select1.java
javac: file not found: select1.java
Usage: javac <options> <source files>
use -help for a list of possible options

C:\NABILA\MATA KULIAH SEMESTER 4 (GENAP)\ANALISIS DESAIN SISTEM INFORMASI\Kubus>javac
Usage: javac <options> <source files>
where possible options include:
  -g                         Generate all debugging info
  -g:none                    Generate no debugging info
  -g:{lines,vars,source}     Generate only some debugging info
  -nowarn                    Generate no warnings
  -verbose                   Output messages about what the compiler is doing
  -deprecation               Output source locations where deprecated APIs are used
  -classpath <path>          Specify where to find user class files and annotation processors
  -cp <path>                 Specify where to find user class files and annotation processors
  -sourcepath <path>         Specify where to find input source files
  -bootclasspath <path>      Override location of bootstrap class files
  -extdirs <dirs>            Override location of installed extensions
  -endorseddirs <dirs>       Override location of endorsed standards path
  -proc:{none,only}          Control whether annotation processing and/or compilation is done.
  -processor <class1>[,<class2>,<class3>...] Names of the annotation processors to run; bypasses default discovery process
  -processorpath <path>      Specify where to find annotation processors
  -parameters                Generate metadata for reflection on method parameters
  -d <directory>             Specify where to place generated class files
  -s <directory>             Specify where to place generated source files
  -h <directory>             Specify where to place generated native header files
  -implicit:{none,class}     Specify whether or not to generate class files for implicitly referenced files
  -encoding <encoding>       Specify character encoding used by source files
  -source <release>          Provide source compatibility with specified release
  -target <release>          Generate class files for specific VM version
  -profile <profile>         Check that API used is available in the specified profile
  -version                   Version information
  -help                      Print a synopsis of standard options
  -Akey[=value]              Options to pass to annotation processors
  -X                         Print a synopsis of nonstandard options
  -J<flag>                   Pass <flag> directly to the runtime system
  -Werror                    Terminate compilation if warnings occur
  @<filename>                Read options and filenames from file


C:\NABILA\MATA KULIAH SEMESTER 4 (GENAP)\ANALISIS DESAIN SISTEM INFORMASI\Kubus>javac select1.java
javac: file not found: select1.java
Usage: javac <options> <source files>
use -help for a list of possible options

C:\NABILA\MATA KULIAH SEMESTER 4 (GENAP)\ANALISIS DESAIN SISTEM INFORMASI\Kubus>javac select1.java

C:\NABILA\MATA KULIAH SEMESTER 4 (GENAP)\ANALISIS DESAIN SISTEM INFORMASI\Kubus>java -cp.;C:/NABILA/MATA KULIAH SEMESTER 4 (GENAP)/ANALISIS DESAIN SISTEM INFORMASI/Kubus/mysqlcon-5.1.3.jar select1
Unrecognized option: -cp.;C:/NABILA/MATA
Error: Could not create the Java Virtual Machine.
Error: A fatal exception has occurred. Program will exit.

C:\NABILA\MATA KULIAH SEMESTER 4 (GENAP)\ANALISIS DESAIN SISTEM INFORMASI\Kubus>java -cp .;C:/NABILA/MATA KULIAH SEMESTER 4 (GENAP)/ANALISIS DESAIN SISTEM INFORMASI/Kubus/mysqlcon-5.1.3.jar select1
Error: Could not find or load main class KULIAH

C:\NABILA\MATA KULIAH SEMESTER 4 (GENAP)\ANALISIS DESAIN SISTEM INFORMASI\Kubus>java -cp .;C:/mysqlcon-5.1.3.jar select1
User: kamilia
Password: 12345

C:\NABILA\MATA KULIAH SEMESTER 4 (GENAP)\ANALISIS DESAIN SISTEM INFORMASI\Kubus>